....................EEE..EE....E.E....FE.E.......F...E.EEEEEE................................
======================================================================
ERROR: test_current_workloads_preserve_operator_container_names (test_kube_name_contract.KubeNameContractTests.test_current_workloads_preserve_operator_container_names) (pod='todo-app')
----------------------------------------------------------------------
Traceback (most recent call last):
  File "/home/gunstein/koding/podman_test/tests/test_kube_name_contract.py", line 19, in test_current_workloads_preserve_operator_container_names
    docs = list(yaml.safe_load_all((RUNTIME / f"{filename}.yaml").read_text()))
                                   ^^^^^^^^^^^^^^^^^^^^^^^^^^^^^^^^^^^^^^^^^^
  File "/usr/lib/python3.12/pathlib.py", line 1029, in read_text
    with self.open(mode='r', encoding=encoding, errors=errors) as f:
         ^^^^^^^^^^^^^^^^^^^^^^^^^^^^^^^^^^^^^^^^^^^^^^^^^^^^^
  File "/usr/lib/python3.12/pathlib.py", line 1015, in open
    return io.open(self, mode, buffering, encoding, errors, newline)
           ^^^^^^^^^^^^^^^^^^^^^^^^^^^^^^^^^^^^^^^^^^^^^^^^^^^^^^^^^
FileNotFoundError: [Errno 2] No such file or directory: '/home/gunstein/koding/podman_test/kube/runtime/app.yaml'

======================================================================
ERROR: test_current_workloads_preserve_operator_container_names (test_kube_name_contract.KubeNameContractTests.test_current_workloads_preserve_operator_container_names) (pod='todo-keycloak')
----------------------------------------------------------------------
Traceback (most recent call last):
  File "/home/gunstein/koding/podman_test/tests/test_kube_name_contract.py", line 19, in test_current_workloads_preserve_operator_container_names
    docs = list(yaml.safe_load_all((RUNTIME / f"{filename}.yaml").read_text()))
                                   ^^^^^^^^^^^^^^^^^^^^^^^^^^^^^^^^^^^^^^^^^^
  File "/usr/lib/python3.12/pathlib.py", line 1029, in read_text
    with self.open(mode='r', encoding=encoding, errors=errors) as f:
         ^^^^^^^^^^^^^^^^^^^^^^^^^^^^^^^^^^^^^^^^^^^^^^^^^^^^^
  File "/usr/lib/python3.12/pathlib.py", line 1015, in open
    return io.open(self, mode, buffering, encoding, errors, newline)
           ^^^^^^^^^^^^^^^^^^^^^^^^^^^^^^^^^^^^^^^^^^^^^^^^^^^^^^^^^
FileNotFoundError: [Errno 2] No such file or directory: '/home/gunstein/koding/podman_test/kube/runtime/keycloak.yaml'

======================================================================
ERROR: test_current_workloads_preserve_operator_container_names (test_kube_name_contract.KubeNameContractTests.test_current_workloads_preserve_operator_container_names) (pod='todo-postgres')
----------------------------------------------------------------------
Traceback (most recent call last):
  File "/home/gunstein/koding/podman_test/tests/test_kube_name_contract.py", line 19, in test_current_workloads_preserve_operator_container_names
    docs = list(yaml.safe_load_all((RUNTIME / f"{filename}.yaml").read_text()))
                                   ^^^^^^^^^^^^^^^^^^^^^^^^^^^^^^^^^^^^^^^^^^
  File "/usr/lib/python3.12/pathlib.py", line 1029, in read_text
    with self.open(mode='r', encoding=encoding, errors=errors) as f:
         ^^^^^^^^^^^^^^^^^^^^^^^^^^^^^^^^^^^^^^^^^^^^^^^^^^^^^
  File "/usr/lib/python3.12/pathlib.py", line 1015, in open
    return io.open(self, mode, buffering, encoding, errors, newline)
           ^^^^^^^^^^^^^^^^^^^^^^^^^^^^^^^^^^^^^^^^^^^^^^^^^^^^^^^^^
FileNotFoundError: [Errno 2] No such file or directory: '/home/gunstein/koding/podman_test/kube/runtime/postgres.yaml'

======================================================================
ERROR: test_active_runtime_keeps_loopback_and_shared_dns (test_kube_runtime.KubeRuntimeTests.test_active_runtime_keeps_loopback_and_shared_dns)
----------------------------------------------------------------------
Traceback (most recent call last):
  File "/home/gunstein/koding/podman_test/tests/test_kube_runtime.py", line 116, in test_active_runtime_keeps_loopback_and_shared_dns
    config = read(RUNTIME / "config.yaml")
             ^^^^^^^^^^^^^^^^^^^^^^^^^^^^^
  File "/home/gunstein/koding/podman_test/tests/test_kube_runtime.py", line 11, in read
    return path.read_text(encoding="utf-8")
           ^^^^^^^^^^^^^^^^^^^^^^^^^^^^^^^^
  File "/usr/lib/python3.12/pathlib.py", line 1029, in read_text
    with self.open(mode='r', encoding=encoding, errors=errors) as f:
         ^^^^^^^^^^^^^^^^^^^^^^^^^^^^^^^^^^^^^^^^^^^^^^^^^^^^^
  File "/usr/lib/python3.12/pathlib.py", line 1015, in open
    return io.open(self, mode, buffering, encoding, errors, newline)
           ^^^^^^^^^^^^^^^^^^^^^^^^^^^^^^^^^^^^^^^^^^^^^^^^^^^^^^^^^
FileNotFoundError: [Errno 2] No such file or directory: '/home/gunstein/koding/podman_test/kube/runtime/config.yaml'

======================================================================
ERROR: test_app_pod_groups_migration_backend_and_frontend (test_kube_runtime.KubeRuntimeTests.test_app_pod_groups_migration_backend_and_frontend)
----------------------------------------------------------------------
Traceback (most recent call last):
  File "/home/gunstein/koding/podman_test/tests/test_kube_runtime.py", line 53, in test_app_pod_groups_migration_backend_and_frontend
    documents = list(yaml.safe_load_all(read(RUNTIME / "app.yaml")))
                                        ^^^^^^^^^^^^^^^^^^^^^^^^^^
  File "/home/gunstein/koding/podman_test/tests/test_kube_runtime.py", line 11, in read
    return path.read_text(encoding="utf-8")
           ^^^^^^^^^^^^^^^^^^^^^^^^^^^^^^^^
  File "/usr/lib/python3.12/pathlib.py", line 1029, in read_text
    with self.open(mode='r', encoding=encoding, errors=errors) as f:
         ^^^^^^^^^^^^^^^^^^^^^^^^^^^^^^^^^^^^^^^^^^^^^^^^^^^^^
  File "/usr/lib/python3.12/pathlib.py", line 1015, in open
    return io.open(self, mode, buffering, encoding, errors, newline)
           ^^^^^^^^^^^^^^^^^^^^^^^^^^^^^^^^^^^^^^^^^^^^^^^^^^^^^^^^^
FileNotFoundError: [Errno 2] No such file or directory: '/home/gunstein/koding/podman_test/kube/runtime/app.yaml'

======================================================================
ERROR: test_frontend_reuses_the_accepted_tls_volume (test_kube_runtime.KubeRuntimeTests.test_frontend_reuses_the_accepted_tls_volume)
----------------------------------------------------------------------
Traceback (most recent call last):
  File "/home/gunstein/koding/podman_test/tests/test_kube_runtime.py", line 90, in test_frontend_reuses_the_accepted_tls_volume
    app = read(RUNTIME / "app.yaml")
          ^^^^^^^^^^^^^^^^^^^^^^^^^^
  File "/home/gunstein/koding/podman_test/tests/test_kube_runtime.py", line 11, in read
    return path.read_text(encoding="utf-8")
           ^^^^^^^^^^^^^^^^^^^^^^^^^^^^^^^^
  File "/usr/lib/python3.12/pathlib.py", line 1029, in read_text
    with self.open(mode='r', encoding=encoding, errors=errors) as f:
         ^^^^^^^^^^^^^^^^^^^^^^^^^^^^^^^^^^^^^^^^^^^^^^^^^^^^^
  File "/usr/lib/python3.12/pathlib.py", line 1015, in open
    return io.open(self, mode, buffering, encoding, errors, newline)
           ^^^^^^^^^^^^^^^^^^^^^^^^^^^^^^^^^^^^^^^^^^^^^^^^^^^^^^^^^
FileNotFoundError: [Errno 2] No such file or directory: '/home/gunstein/koding/podman_test/kube/runtime/app.yaml'

======================================================================
ERROR: test_helm_is_the_single_workload_template_source (test_kube_runtime.KubeRuntimeTests.test_helm_is_the_single_workload_template_source)
----------------------------------------------------------------------
Traceback (most recent call last):
  File "/home/gunstein/koding/podman_test/tests/test_kube_runtime.py", line 226, in test_helm_is_the_single_workload_template_source
    rendered = "\n".join(
               ^^^^^^^^^^
  File "/home/gunstein/koding/podman_test/tests/test_kube_runtime.py", line 227, in <genexpr>
    read(RUNTIME / filename) for filename in ("app.yaml", "keycloak.yaml", "postgres.yaml")
    ^^^^^^^^^^^^^^^^^^^^^^^^
  File "/home/gunstein/koding/podman_test/tests/test_kube_runtime.py", line 11, in read
    return path.read_text(encoding="utf-8")
           ^^^^^^^^^^^^^^^^^^^^^^^^^^^^^^^^
  File "/usr/lib/python3.12/pathlib.py", line 1029, in read_text
    with self.open(mode='r', encoding=encoding, errors=errors) as f:
         ^^^^^^^^^^^^^^^^^^^^^^^^^^^^^^^^^^^^^^^^^^^^^^^^^^^^^
  File "/usr/lib/python3.12/pathlib.py", line 1015, in open
    return io.open(self, mode, buffering, encoding, errors, newline)
           ^^^^^^^^^^^^^^^^^^^^^^^^^^^^^^^^^^^^^^^^^^^^^^^^^^^^^^^^^
FileNotFoundError: [Errno 2] No such file or directory: '/home/gunstein/koding/podman_test/kube/runtime/app.yaml'

======================================================================
ERROR: test_runtime_yaml_parses_and_uses_canonical_pod_names (test_kube_runtime.KubeRuntimeTests.test_runtime_yaml_parses_and_uses_canonical_pod_names)
----------------------------------------------------------------------
Traceback (most recent call last):
  File "/home/gunstein/koding/podman_test/tests/test_kube_runtime.py", line 23, in test_runtime_yaml_parses_and_uses_canonical_pod_names
    documents = list(yaml.safe_load_all(read(RUNTIME / filename)))
                                        ^^^^^^^^^^^^^^^^^^^^^^^^
  File "/home/gunstein/koding/podman_test/tests/test_kube_runtime.py", line 11, in read
    return path.read_text(encoding="utf-8")
           ^^^^^^^^^^^^^^^^^^^^^^^^^^^^^^^^
  File "/usr/lib/python3.12/pathlib.py", line 1029, in read_text
    with self.open(mode='r', encoding=encoding, errors=errors) as f:
         ^^^^^^^^^^^^^^^^^^^^^^^^^^^^^^^^^^^^^^^^^^^^^^^^^^^^^
  File "/usr/lib/python3.12/pathlib.py", line 1015, in open
    return io.open(self, mode, buffering, encoding, errors, newline)
           ^^^^^^^^^^^^^^^^^^^^^^^^^^^^^^^^^^^^^^^^^^^^^^^^^^^^^^^^^
FileNotFoundError: [Errno 2] No such file or directory: '/home/gunstein/koding/podman_test/kube/runtime/app.yaml'

======================================================================
ERROR: test_systemd_represents_the_three_workload_boundaries (test_kube_runtime.KubeRuntimeTests.test_systemd_represents_the_three_workload_boundaries)
----------------------------------------------------------------------
Traceback (most recent call last):
  File "/home/gunstein/koding/podman_test/tests/test_kube_runtime.py", line 99, in test_systemd_represents_the_three_workload_boundaries
    app = read(RUNTIME / "todo-app.kube")
          ^^^^^^^^^^^^^^^^^^^^^^^^^^^^^^^
  File "/home/gunstein/koding/podman_test/tests/test_kube_runtime.py", line 11, in read
    return path.read_text(encoding="utf-8")
           ^^^^^^^^^^^^^^^^^^^^^^^^^^^^^^^^
  File "/usr/lib/python3.12/pathlib.py", line 1029, in read_text
    with self.open(mode='r', encoding=encoding, errors=errors) as f:
         ^^^^^^^^^^^^^^^^^^^^^^^^^^^^^^^^^^^^^^^^^^^^^^^^^^^^^
  File "/usr/lib/python3.12/pathlib.py", line 1015, in open
    return io.open(self, mode, buffering, encoding, errors, newline)
           ^^^^^^^^^^^^^^^^^^^^^^^^^^^^^^^^^^^^^^^^^^^^^^^^^^^^^^^^^
FileNotFoundError: [Errno 2] No such file or directory: '/home/gunstein/koding/podman_test/kube/runtime/todo-app.kube'

======================================================================
ERROR: test_host_backend_port_is_not_reserved (test_preflight_ports.PreflightHostPortTests.test_host_backend_port_is_not_reserved)
----------------------------------------------------------------------
Traceback (most recent call last):
  File "/home/gunstein/koding/podman_test/tests/test_preflight_ports.py", line 35, in test_host_backend_port_is_not_reserved
    manifest = (ROOT / RUNTIME / "app.yaml").read_text()
                       ^^^^^^^
NameError: name 'RUNTIME' is not defined

======================================================================
ERROR: test_clean_deploy_redirect_update_preserves_client_security_and_is_idempotent (test_proxy_configuration.ProxyConfigurationTests.test_clean_deploy_redirect_update_preserves_client_security_and_is_idempotent)
----------------------------------------------------------------------
Traceback (most recent call last):
  File "/home/gunstein/koding/podman_test/tests/test_proxy_configuration.py", line 16, in test_clean_deploy_redirect_update_preserves_client_security_and_is_idempotent
    tasks = yaml.safe_load(read("ansible/roles/todo_kube_runtime/tasks/main.yml"))
                           ^^^^^^^^^^^^^^^^^^^^^^^^^^^^^^^^^^^^^^^^^^^^^^^^^^^^^^
  File "/home/gunstein/koding/podman_test/tests/test_proxy_configuration.py", line 11, in read
    return (relative_path).read_text(encoding="utf-8")
           ^^^^^^^^^^^^^^^^^^^^^^^^^
AttributeError: 'str' object has no attribute 'read_text'

======================================================================
ERROR: test_clean_deploy_suppresses_credentials_and_token_bearing_requests (test_proxy_configuration.ProxyConfigurationTests.test_clean_deploy_suppresses_credentials_and_token_bearing_requests)
----------------------------------------------------------------------
Traceback (most recent call last):
  File "/home/gunstein/koding/podman_test/tests/test_proxy_configuration.py", line 43, in test_clean_deploy_suppresses_credentials_and_token_bearing_requests
    tasks = yaml.safe_load(read("ansible/roles/todo_kube_runtime/tasks/main.yml"))
                           ^^^^^^^^^^^^^^^^^^^^^^^^^^^^^^^^^^^^^^^^^^^^^^^^^^^^^^
  File "/home/gunstein/koding/podman_test/tests/test_proxy_configuration.py", line 11, in read
    return (relative_path).read_text(encoding="utf-8")
           ^^^^^^^^^^^^^^^^^^^^^^^^^
AttributeError: 'str' object has no attribute 'read_text'

======================================================================
ERROR: test_frontend_uses_pinned_nginx_image_as_non_root (test_proxy_configuration.ProxyConfigurationTests.test_frontend_uses_pinned_nginx_image_as_non_root)
----------------------------------------------------------------------
Traceback (most recent call last):
  File "/home/gunstein/koding/podman_test/tests/test_proxy_configuration.py", line 53, in test_frontend_uses_pinned_nginx_image_as_non_root
    containerfile = read("frontend/Containerfile")
                    ^^^^^^^^^^^^^^^^^^^^^^^^^^^^^^
  File "/home/gunstein/koding/podman_test/tests/test_proxy_configuration.py", line 11, in read
    return (relative_path).read_text(encoding="utf-8")
           ^^^^^^^^^^^^^^^^^^^^^^^^^
AttributeError: 'str' object has no attribute 'read_text'

======================================================================
ERROR: test_nginx_routes_and_forwarded_headers_are_explicit (test_proxy_configuration.ProxyConfigurationTests.test_nginx_routes_and_forwarded_headers_are_explicit)
----------------------------------------------------------------------
Traceback (most recent call last):
  File "/home/gunstein/koding/podman_test/tests/test_proxy_configuration.py", line 61, in test_nginx_routes_and_forwarded_headers_are_explicit
    configuration = read("frontend/nginx.conf")
                    ^^^^^^^^^^^^^^^^^^^^^^^^^^^
  File "/home/gunstein/koding/podman_test/tests/test_proxy_configuration.py", line 11, in read
    return (relative_path).read_text(encoding="utf-8")
           ^^^^^^^^^^^^^^^^^^^^^^^^^
AttributeError: 'str' object has no attribute 'read_text'

======================================================================
ERROR: test_promoted_proxy_uses_stable_hostname_and_kube_publish (test_proxy_configuration.ProxyConfigurationTests.test_promoted_proxy_uses_stable_hostname_and_kube_publish)
----------------------------------------------------------------------
Traceback (most recent call last):
  File "/home/gunstein/koding/podman_test/tests/test_proxy_configuration.py", line 84, in test_promoted_proxy_uses_stable_hostname_and_kube_publish
    template = read(
               ^^^^^
  File "/home/gunstein/koding/podman_test/tests/test_proxy_configuration.py", line 11, in read
    return (relative_path).read_text(encoding="utf-8")
           ^^^^^^^^^^^^^^^^^^^^^^^^^
AttributeError: 'str' object has no attribute 'read_text'

======================================================================
ERROR: test_tls_private_state_uses_dedicated_kube_volume (test_proxy_configuration.ProxyConfigurationTests.test_tls_private_state_uses_dedicated_kube_volume)
----------------------------------------------------------------------
Traceback (most recent call last):
  File "/home/gunstein/koding/podman_test/tests/test_proxy_configuration.py", line 76, in test_tls_private_state_uses_dedicated_kube_volume
    app = read(RUNTIME / "app.yaml")
               ^^^^^^^
NameError: name 'RUNTIME' is not defined

======================================================================
FAIL: test_runtime_keeps_secrets_external (test_kube_runtime.KubeRuntimeTests.test_runtime_keeps_secrets_external)
----------------------------------------------------------------------
Traceback (most recent call last):
  File "/home/gunstein/koding/podman_test/tests/test_kube_runtime.py", line 85, in test_runtime_keeps_secrets_external
    self.assertIn("secretName: todo-kube-backend-secret", manifests)
AssertionError: 'secretName: todo-kube-backend-secret' not found in ''

======================================================================
FAIL: test_archive_contains_active_operations_without_transition_tools (test_operations_distribution.OperationsDistributionTests.test_archive_contains_active_operations_without_transition_tools)
----------------------------------------------------------------------
Traceback (most recent call last):
  File "/home/gunstein/koding/podman_test/tests/test_operations_distribution.py", line 40, in test_archive_contains_active_operations_without_transition_tools
    self.assertIn(path, names)
AssertionError: 'kube/runtime/app.yaml' not found in {'docs', 'ansible/roles/postgres_redundancy_primary/tasks', 'ansible/sync-standby-secrets.yml', 'ansible/roles/postgres_standby/tasks/main.yml', 'offline/FAPOLICYD.md', 'ansible/roles/promoted_application', 'ansible/README.md', 'ansible/roles/todo_fapolicyd/tasks/main.yml', 'scripts/todo_backup.py', 'ansible/roles/application_kube_runtime/defaults/main.yml', 'ansible.cfg', 'ansible/roles/application_kube_runtime/tasks', 'ansible/roles/postgres_reseed_standby', 'offline', 'ansible/roles/postgres_backup/templates', 'ansible/roles/postgres_backup/tasks/main.yml', 'quadlet/todo.network', 'ansible/roles', 'quadlet', 'kube', 'ansible/roles/postgres_kube_runtime', 'ansible/roles/postgres_kube_runtime/templates/todo-postgres.kube.j2', 'ansible/roles/todo_fapolicyd/defaults', 'ansible/BACKUP-PITR.md', 'ansible/roles/postgres_kube_runtime/tasks', 'quadlet/todo-postgres-data.volume', 'ansible/roles/todo_fapolicyd/tasks/wait-trust.yml', 'ansible/roles/todo_dr', 'ansible/roles/application_kube_runtime/templates/todo-app.kube.j2', 'ansible/roles/postgres_kube_runtime/tasks/main.yml', 'ansible/roles/application_kube_runtime/templates', 'ansible/roles/application_kube_runtime/templates/todo-keycloak.kube.j2', 'ansible/cluster-status.yml', 'ansible/PROMOTION.md', 'docs/LEARNING-GUIDE.md', 'ansible/deploy-promoted-application.yml', 'ansible/tasks/quarantine-selinux.yml', 'ansible/roles/postgres_primary/tasks', 'VERSION', 'ansible/roles/postgres_backup', 'ansible/install-dr-tool.yml', 'ansible/roles/postgres_primary/tasks/main.yml', 'ansible/roles/postgres_kube_runtime/templates', 'ansible/roles/todo_dr/tasks', 'ansible/roles/application_kube_runtime/tasks/main.yml', 'ansible/bootstrap-standby.yml', 'ansible/tasks', 'ansible/requirements.txt', 'ansible/inventory-recovery.example.ini', 'ansible/roles/standby_preflight', 'ansible/roles/application_kube_runtime/defaults', 'ansible', 'docs/SECRETS.md', 'docs/SELINUX.md', 'ansible/inventory-initial.example.ini', 'ansible/STANDBY-BOOTSTRAP.md', 'ansible/roles/promoted_application/tasks/main.yml', 'scripts/todo_dr.py', 'docs/ACCEPTANCE.md', 'ansible/roles/postgres_reseed_standby/tasks', 'ansible/roles/todo_fapolicyd/tasks', 'ansible/roles/standby_preflight/tasks', 'ansible/tasks/quarantine-guest-agent.yml', 'ansible/roles/postgres_backup/templates/todo-postgres-backup.volume.j2', 'ansible/roles/standby_preflight/tasks/main.yml', 'ansible/roles/application_kube_runtime', 'docs/WHAT-YOU-LEARN.md', 'ansible/roles/postgres_standby', 'ansible/roles/postgres_reseed_standby/tasks/main.yml', 'ansible/roles/postgres_kube_runtime/defaults/main.yml', 'ansible/preflight-standby-rebuild.yml', 'ansible/tasks/sync_secret.yml', 'ansible/roles/postgres_kube_runtime/defaults', 'ansible/roles/postgres_redundancy_primary/tasks/main.yml', 'quadlet/todo-postgres-backup.volume', 'ansible/roles/todo_fapolicyd', 'ansible/roles/todo_fapolicyd/defaults/main.yml', 'ansible/roles/todo_dr/tasks/main.yml', 'ansible/install-quarantine-tool.yml', 'docs/ACCEPTANCE-TROUBLESHOOTING.md', 'todo-operations', 'docs/PROXMOX-QUARANTINE.md', 'ansible/STANDBY-ARCHITECTURE.md', 'ansible/roles/postgres_backup/tasks', 'ansible/APPLICATION-FAILOVER.md', 'ansible/preflight-standby.yml', 'ansible/roles/promoted_application/tasks', 'ansible/RESTORE-REDUNDANCY.md', 'ansible/roles/postgres_primary', 'docs/ARCHITECTURE.md', 'scripts/todo-quarantine.sh', 'docs/TLS.md', 'ansible/configure-backup.yml', 'ansible/roles/postgres_redundancy_primary', 'ansible/rebuild-standby.yml', 'ansible/replication-status.yml', 'quadlet/todo-nginx-data.volume', 'ansible/roles/postgres_standby/tasks', 'scripts'}

----------------------------------------------------------------------
Ran 91 tests in 14.803s

FAILED (failures=2, errors=16)
